// Jest Snapshot v1, https://goo.gl/fbAQLP

exports[`Blog should match complete layout snapshot 1`] = `
Array [
  <header
    className="jsx-1373952718"
  >
    <div
      className="jsx-1373952718 container"
    >
      <nav
        className="jsx-1373952718"
      >
        <ul>
          <li>
            <a
              href="#1"
            >
              <span>
                Home.
              </span>
            </a>
          </li>
          <li>
            <a
              href="#2"
            >
              <span>
                About.
              </span>
            </a>
            <ul>
              <li>
                <a
                  href="#sub"
                >
                  <span>
                    Facebook.
                  </span>
                </a>
              </li>
              <li>
                <a
                  href="#sub2"
                >
                  <span>
                    Twitter.
                  </span>
                </a>
              </li>
            </ul>
          </li>
        </ul>
      </nav>
      <div
        className="jsx-1373952718 responsive-trigger"
      >
        <a
          className="jsx-1373952718 responsive-trigger-link"
          href="#"
          onClick={[Function]}
        >
          <svg
            className="jsx-1373952718 feather feather-menu"
            fill="none"
            height="24"
            stroke="currentColor"
            strokeLinecap="round"
            strokeLinejoin="round"
            strokeWidth="1"
            viewBox="0 0 24 24"
            width="24"
            xmlns="http://www.w3.org/2000/svg"
          >
            <line
              className="jsx-1373952718"
              x1="3"
              x2="21"
              y1="12"
              y2="12"
            />
            <line
              className="jsx-1373952718"
              x1="3"
              x2="21"
              y1="6"
              y2="6"
            />
            <line
              className="jsx-1373952718"
              x1="3"
              x2="21"
              y1="18"
              y2="18"
            />
          </svg>
        </a>
      </div>
    </div>
    <div
      className="jsx-1373952718 modal"
    >
      <a
        className="jsx-1373952718 modal-close"
        href="#"
        onClick={[Function]}
      >
        <svg
          className="jsx-1373952718 feather feather-x"
          fill="none"
          height="24"
          stroke="currentColor"
          strokeLinecap="round"
          strokeLinejoin="round"
          strokeWidth="1"
          viewBox="0 0 24 24"
          width="24"
          xmlns="http://www.w3.org/2000/svg"
        >
          <line
            className="jsx-1373952718"
            x1="18"
            x2="6"
            y1="6"
            y2="18"
          />
          <line
            className="jsx-1373952718"
            x1="6"
            x2="18"
            y1="6"
            y2="18"
          />
        </svg>
      </a>
      <div
        className="jsx-1373952718"
      >
        <ul>
          <li>
            <a
              href="#1"
            >
              <span>
                Home.
              </span>
            </a>
          </li>
          <li>
            <a
              href="#2"
            >
              <span>
                About.
              </span>
            </a>
            <ul>
              <li>
                <a
                  href="#sub"
                >
                  <span>
                    Facebook.
                  </span>
                </a>
              </li>
              <li>
                <a
                  href="#sub2"
                >
                  <span>
                    Twitter.
                  </span>
                </a>
              </li>
            </ul>
          </li>
        </ul>
      </div>
    </div>
  </header>,
  <main
    className="jsx-4139785082"
  >
    <div
      className="jsx-4139785082 container"
    >
      <div
        className="jsx-4139785082 content"
      >
        <div
          className="jsx-4139785082 grid"
        >
          <div
            className="jsx-4193606405 post"
          >
            <p
              className="jsx-4193606405 date"
            >
              May 9, 2019
            </p>
            <h2
              className="jsx-4193606405 title"
            >
              <a
                className="jsx-4193606405"
                href="#"
              >
                Personal website overhaul.
              </a>
            </h2>
            <picture
              className="jsx-4193606405"
            >
              <a
                className="jsx-4193606405"
                href="#"
              >
                <img
                  alt="Alt Text"
                  className="jsx-4193606405"
                  src="https://images.unsplash.com/photo-1508704019882-f9cf40e475b4?ixlib=rb-0.3.5&ixid=eyJhcHBfaWQiOjEyMDd9&s=8c6e5e3aba713b17aa1fe71ab4f0ae5b&auto=format&fit=crop&w=800&q=60"
                  title="Image Title"
                />
              </a>
            </picture>
            <p
              className="jsx-4193606405 excerpt"
              dangerouslySetInnerHTML={
                Object {
                  "__html": "WordPress thumbnails is a really used feature, learn how to
		customize the image sizes from WordPress before activating a
		new theme.<br><br>
		Using the default sizes instead custom image sizes avoid
		longer media upload times and a smooth experience to your
		users.",
                }
              }
            />
            <p
              className="jsx-4193606405 post-details"
            >
              Posted by
               
              <a
                className="jsx-4193606405"
                href="#author"
              >
                rafael angeline
              </a>
               
              in 
              <a
                className="jsx-2186686606"
                href="#cat"
              >
                wordpress
              </a>
              , 
              <a
                className="jsx-2186686606"
                href="#dev"
              >
                development
              </a>
            </p>
          </div>
          <div
            className="jsx-4193606405 post"
          >
            <p
              className="jsx-4193606405 date"
            >
              May 9, 2019
            </p>
            <h2
              className="jsx-4193606405 title"
            >
              <a
                className="jsx-4193606405"
                href="#"
              >
                Personal website overhaul.
              </a>
            </h2>
            <picture
              className="jsx-4193606405"
            >
              <a
                className="jsx-4193606405"
                href="#"
              >
                <img
                  alt="Alt Text"
                  className="jsx-4193606405"
                  src="https://images.unsplash.com/photo-1508704019882-f9cf40e475b4?ixlib=rb-0.3.5&ixid=eyJhcHBfaWQiOjEyMDd9&s=8c6e5e3aba713b17aa1fe71ab4f0ae5b&auto=format&fit=crop&w=800&q=60"
                  title="Image Title"
                />
              </a>
            </picture>
            <p
              className="jsx-4193606405 excerpt"
              dangerouslySetInnerHTML={
                Object {
                  "__html": "WordPress thumbnails is a really used feature, learn how to
		customize the image sizes from WordPress before activating a
		new theme.<br><br>
		Using the default sizes instead custom image sizes avoid
		longer media upload times and a smooth experience to your
		users.",
                }
              }
            />
            <p
              className="jsx-4193606405 post-details"
            >
              Posted by
               
              <a
                className="jsx-4193606405"
                href="#author"
              >
                rafael angeline
              </a>
               
              in 
              <a
                className="jsx-2186686606"
                href="#cat"
              >
                wordpress
              </a>
              , 
              <a
                className="jsx-2186686606"
                href="#dev"
              >
                development
              </a>
            </p>
          </div>
          <div
            className="jsx-4193606405 post"
          >
            <p
              className="jsx-4193606405 date"
            >
              May 9, 2019
            </p>
            <h2
              className="jsx-4193606405 title"
            >
              <a
                className="jsx-4193606405"
                href="#"
              >
                Personal website overhaul.
              </a>
            </h2>
            <picture
              className="jsx-4193606405"
            >
              <a
                className="jsx-4193606405"
                href="#"
              >
                <img
                  alt="Alt Text"
                  className="jsx-4193606405"
                  src="https://images.unsplash.com/photo-1508704019882-f9cf40e475b4?ixlib=rb-0.3.5&ixid=eyJhcHBfaWQiOjEyMDd9&s=8c6e5e3aba713b17aa1fe71ab4f0ae5b&auto=format&fit=crop&w=800&q=60"
                  title="Image Title"
                />
              </a>
            </picture>
            <p
              className="jsx-4193606405 excerpt"
              dangerouslySetInnerHTML={
                Object {
                  "__html": "WordPress thumbnails is a really used feature, learn how to
		customize the image sizes from WordPress before activating a
		new theme.<br><br>
		Using the default sizes instead custom image sizes avoid
		longer media upload times and a smooth experience to your
		users.",
                }
              }
            />
            <p
              className="jsx-4193606405 post-details"
            >
              Posted by
               
              <a
                className="jsx-4193606405"
                href="#author"
              >
                rafael angeline
              </a>
               
              in 
              <a
                className="jsx-2186686606"
                href="#cat"
              >
                wordpress
              </a>
              , 
              <a
                className="jsx-2186686606"
                href="#dev"
              >
                development
              </a>
            </p>
          </div>
          <div
            className="jsx-4193606405 post"
          >
            <p
              className="jsx-4193606405 date"
            >
              May 9, 2019
            </p>
            <h2
              className="jsx-4193606405 title"
            >
              <a
                className="jsx-4193606405"
                href="#"
              >
                Personal website overhaul.
              </a>
            </h2>
            <picture
              className="jsx-4193606405"
            >
              <a
                className="jsx-4193606405"
                href="#"
              >
                <img
                  alt="Alt Text"
                  className="jsx-4193606405"
                  src="https://images.unsplash.com/photo-1508704019882-f9cf40e475b4?ixlib=rb-0.3.5&ixid=eyJhcHBfaWQiOjEyMDd9&s=8c6e5e3aba713b17aa1fe71ab4f0ae5b&auto=format&fit=crop&w=800&q=60"
                  title="Image Title"
                />
              </a>
            </picture>
            <p
              className="jsx-4193606405 excerpt"
              dangerouslySetInnerHTML={
                Object {
                  "__html": "WordPress thumbnails is a really used feature, learn how to
		customize the image sizes from WordPress before activating a
		new theme.<br><br>
		Using the default sizes instead custom image sizes avoid
		longer media upload times and a smooth experience to your
		users.",
                }
              }
            />
            <p
              className="jsx-4193606405 post-details"
            >
              Posted by
               
              <a
                className="jsx-4193606405"
                href="#author"
              >
                rafael angeline
              </a>
               
              in 
              <a
                className="jsx-2186686606"
                href="#cat"
              >
                wordpress
              </a>
              , 
              <a
                className="jsx-2186686606"
                href="#dev"
              >
                development
              </a>
            </p>
          </div>
        </div>
        <nav
          className="jsx-3604835618"
        >
          <div
            className="jsx-3604835618 page-numbers"
          >
            <span
              className="jsx-3604835618 current"
            >
              1
            </span>
            <a
              className="jsx-3604835618"
              href="/blog/2"
              onClick={[Function]}
            >
              2
            </a>
            <a
              className="jsx-3604835618"
              href="/blog/3"
              onClick={[Function]}
            >
              3
            </a>
            <span
              className="jsx-3604835618 "
            >
              ...
            </span>
            <a
              className="jsx-3604835618"
              href="/blog/5"
              onClick={[Function]}
            >
              5
            </a>
          </div>
          <div
            className="jsx-3604835618 page-arrows"
          >
            <a
              className="jsx-3604835618 page-arrows-right"
              href="/blog/2"
              onClick={[Function]}
            >
              <svg
                className="jsx-3604835618 feather feather-chevron-right"
                fill="none"
                height="24"
                stroke="currentColor"
                strokeLinecap="round"
                strokeLinejoin="round"
                strokeWidth="1"
                viewBox="0 0 24 24"
                width="24"
                xmlns="http://www.w3.org/2000/svg"
              >
                <polyline
                  className="jsx-3604835618"
                  points="9 18 15 12 9 6"
                />
              </svg>
            </a>
          </div>
        </nav>
      </div>
      <aside
        className="jsx-4139785082"
      >
        <div
          className="jsx-1852462463 widget"
        >
          <h3
            className="jsx-1852462463"
          >
            Categories.
          </h3>
          <ul
            className="jsx-1852462463"
          >
            <li
              className="jsx-1852462463"
            >
              <a
                className="jsx-1852462463"
                href="#1"
              >
                Category 1
              </a>
            </li>
            <li
              className="jsx-1852462463"
            >
              <a
                className="jsx-1852462463"
                href="#2"
              >
                Category 2
              </a>
            </li>
            <li
              className="jsx-1852462463"
            >
              <a
                className="jsx-1852462463"
                href="#3"
              >
                Category 3
              </a>
            </li>
          </ul>
        </div>
      </aside>
    </div>
  </main>,
  <footer
    className="jsx-2419529135"
  >
    <div
      className="jsx-2419529135 container"
    >
      <div
        className="jsx-2419529135 widget"
      >
        <h3
          className="jsx-2419529135"
        >
          Contact.
        </h3>
        <p
          className="jsx-2419529135"
        >
          Rafael Angeline
          <br
            className="jsx-2419529135"
          />
          Send me your message
          <br
            className="jsx-2419529135"
          />
          me [at] rafaelangeline.com
        </p>
      </div>
      <div
        className="jsx-2419529135 widget"
      >
        <h3
          className="jsx-2419529135"
        >
          Location.
        </h3>
        <p
          className="jsx-2419529135"
        >
          Magic Happens at
          <br
            className="jsx-2419529135"
          />
          São Paulo, SP - Brazil
        </p>
      </div>
      <div
        className="jsx-2419529135 widget"
      >
        <h3
          className="jsx-2419529135"
        >
          Stay in Touch.
        </h3>
        <p
          className="jsx-2419529135"
        >
          Follow me on
           
          <a
            className="jsx-2419529135 twitter"
            href="https://twitter.com/RafaelAngeline"
            target="_blank"
          >
            <span
              className="jsx-2419529135"
            >
              Twitter
            </span>
          </a>
          ,
           
          <a
            className="jsx-2419529135 stackoverflow"
            href="http://stackexchange.com/users/8383862/rafael-angeline"
            target="_blank"
          >
            <span
              className="jsx-2419529135"
            >
              StackOverflow
            </span>
          </a>
          ,
           
          <a
            className="jsx-2419529135 github"
            href="https://github.com/raphaelkross"
            target="_blank"
          >
            <span
              className="jsx-2419529135"
            >
              Github
            </span>
          </a>
          ,
           
          <a
            className="jsx-2419529135 wordpress"
            href="https://profiles.wordpress.org/rafaelangeline"
            target="_blank"
          >
            <span
              className="jsx-2419529135"
            >
              WordPress
            </span>
          </a>
        </p>
      </div>
      <p
        className="jsx-2419529135 copy"
      >
        © Copyright Rafael Angeline. Built by Rafael Angeline with React, Next.js and WordPress &lt;3
      </p>
    </div>
  </footer>,
]
`;
