// Jest Snapshot v1, https://goo.gl/fbAQLP

exports[`Project should render complete layout 1`] = `
Array [
  <header
    className="jsx-3590052481"
  >
    <div
      className="jsx-3590052481 container"
    >
      <nav
        className="jsx-3590052481"
      >
        <ul>
          <li>
            <a
              href="/"
              onClick={[Function]}
            >
              <span>
                Home.
              </span>
            </a>
          </li>
          <li>
            <a
              href="/about"
              onClick={[Function]}
            >
              <span>
                About.
              </span>
            </a>
            <ul>
              <li>
                <a
                  href="https://twitter.com/RafaelAngeline"
                  rel="nofollow"
                  target="_blank"
                >
                  <span>
                    Twitter.
                  </span>
                </a>
              </li>
              <li>
                <a
                  href="https://github.com/raphaelkross"
                  rel="nofollow"
                  target="_blank"
                >
                  <span>
                    Github.
                  </span>
                </a>
              </li>
              <li>
                <a
                  href="https://profiles.wordpress.org/rafaelangeline"
                  rel="nofollow"
                  target="_blank"
                >
                  <span>
                    WordPress.
                  </span>
                </a>
              </li>
            </ul>
          </li>
          <li>
            <a
              href="/work"
              onClick={[Function]}
            >
              <span>
                Work.
              </span>
            </a>
          </li>
          <li>
            <a
              href="/contact"
              onClick={[Function]}
            >
              <span>
                Contact.
              </span>
            </a>
          </li>
        </ul>
      </nav>
      <div
        className="jsx-3590052481 responsive-trigger"
      >
        <a
          className="jsx-3590052481 responsive-trigger-link"
          href="#"
          onClick={[Function]}
        >
          <svg
            className="jsx-3590052481 feather feather-menu"
            fill="none"
            height="24"
            stroke="currentColor"
            strokeLinecap="round"
            strokeLinejoin="round"
            strokeWidth="1"
            viewBox="0 0 24 24"
            width="24"
            xmlns="http://www.w3.org/2000/svg"
          >
            <line
              className="jsx-3590052481"
              x1="3"
              x2="21"
              y1="12"
              y2="12"
            />
            <line
              className="jsx-3590052481"
              x1="3"
              x2="21"
              y1="6"
              y2="6"
            />
            <line
              className="jsx-3590052481"
              x1="3"
              x2="21"
              y1="18"
              y2="18"
            />
          </svg>
        </a>
      </div>
    </div>
    <div
      className="jsx-3590052481 modal"
    >
      <a
        className="jsx-3590052481 modal-close"
        href="#"
        onClick={[Function]}
      >
        <svg
          className="jsx-3590052481 feather feather-x"
          fill="none"
          height="24"
          stroke="currentColor"
          strokeLinecap="round"
          strokeLinejoin="round"
          strokeWidth="1"
          viewBox="0 0 24 24"
          width="24"
          xmlns="http://www.w3.org/2000/svg"
        >
          <line
            className="jsx-3590052481"
            x1="18"
            x2="6"
            y1="6"
            y2="18"
          />
          <line
            className="jsx-3590052481"
            x1="6"
            x2="18"
            y1="6"
            y2="18"
          />
        </svg>
      </a>
      <div
        className="jsx-3590052481"
      >
        <ul>
          <li>
            <a
              href="/"
              onClick={[Function]}
            >
              <span>
                Home.
              </span>
            </a>
          </li>
          <li>
            <a
              href="/about"
              onClick={[Function]}
            >
              <span>
                About.
              </span>
            </a>
            <ul>
              <li>
                <a
                  href="https://twitter.com/RafaelAngeline"
                  rel="nofollow"
                  target="_blank"
                >
                  <span>
                    Twitter.
                  </span>
                </a>
              </li>
              <li>
                <a
                  href="https://github.com/raphaelkross"
                  rel="nofollow"
                  target="_blank"
                >
                  <span>
                    Github.
                  </span>
                </a>
              </li>
              <li>
                <a
                  href="https://profiles.wordpress.org/rafaelangeline"
                  rel="nofollow"
                  target="_blank"
                >
                  <span>
                    WordPress.
                  </span>
                </a>
              </li>
            </ul>
          </li>
          <li>
            <a
              href="/work"
              onClick={[Function]}
            >
              <span>
                Work.
              </span>
            </a>
          </li>
          <li>
            <a
              href="/contact"
              onClick={[Function]}
            >
              <span>
                Contact.
              </span>
            </a>
          </li>
        </ul>
      </div>
    </div>
  </header>,
  <main
    className="jsx-1434050272"
  >
    <div
      className="jsx-1434050272 container"
    >
      <div
        className="jsx-2146629003 content project-details"
        dangerouslySetInnerHTML={
          Object {
            "__html": "<h4>Problem</h4><h3>Creating my new website&#8230;</h3>
<p>Update my website was in my to-do list a long time already, when I finally got a bit of time to do it, I thought &#8220;Why not use some modern stack like React, Next.JS and integrate it with WordPress REST API?&#8221;.</p>
<p>Would be a great opportunity to showcase the skills I got after working in a few Web Apps projects and here we are; besides that, I made my portfolio open source and everybody may check the code at <a href=\\"#\\" target=\\"_blank\\" rel=\\"noopener\\">GitHub</a>.</p>
<p>I also wanted to make it fully tested using Jest and document all the components available in a style guide &#8211; those were nice-to-have but in the end, I just added this to project&#8217;s requirements.</p>
<h3>The solution stack&#8230;</h3>
<p>How solve&#8230;</p>
<h3>Tests with Jest</h3>
<p>How use jest to solve and tips and things&#8230;</p>
",
          }
        }
      />
      <aside
        className="jsx-2927591943 project-summary"
      >
        <div
          className="jsx-2927591943 project-summary-inner"
        >
          <label
            className="jsx-2927591943"
            htmlFor="project-title"
          >
            Project
          </label>
          <h1
            className="jsx-2927591943"
            id="project-title"
          >
            Rafael Angeline
          </h1>
          <dl
            className="jsx-2927591943"
          >
            <dt
              className="jsx-2927591943"
            >
              Date:
            </dt>
            <dd
              className="jsx-2927591943 date"
            >
              July 20th, 2018
            </dd>
            <dt
              className="jsx-2927591943"
            >
              Stack:
            </dt>
            <dd
              className="jsx-2927591943 stack"
            >
              WP, React
            </dd>
          </dl>
          <a
            className="jsx-2927591943 btn"
            href="https://github.com/raphaelkross/app-rafael-angeline-com"
            target="_blank"
          >
            Check the Project
          </a>
        </div>
      </aside>
    </div>
  </main>,
  <footer
    className="jsx-7675024"
  >
    <div
      className="jsx-7675024 container"
    >
      <div
        className="jsx-7675024 widget"
      >
        <h3
          className="jsx-7675024"
        >
          Contact.
        </h3>
        <p
          className="jsx-7675024"
        >
          Rafael Angeline
          <br
            className="jsx-7675024"
          />
          Send me your message
          <br
            className="jsx-7675024"
          />
          me [at] rafaelangeline.com
        </p>
      </div>
      <div
        className="jsx-7675024 widget"
      >
        <h3
          className="jsx-7675024"
        >
          Location.
        </h3>
        <p
          className="jsx-7675024"
        >
          Magic Happens at
          <br
            className="jsx-7675024"
          />
          São Paulo, SP - Brazil
        </p>
      </div>
      <div
        className="jsx-7675024 widget"
      >
        <h3
          className="jsx-7675024"
        >
          Stay in Touch.
        </h3>
        <p
          className="jsx-7675024"
        >
          Follow me on
           
          <a
            className="jsx-7675024 twitter"
            href="https://twitter.com/RafaelAngeline"
            rel="me"
            target="_blank"
          >
            <span
              className="jsx-7675024"
            >
              Twitter
            </span>
          </a>
          ,
           
          <a
            className="jsx-7675024 stackoverflow"
            href="http://stackexchange.com/users/8383862/rafael-angeline"
            rel="me nofollow"
            target="_blank"
          >
            <span
              className="jsx-7675024"
            >
              StackOverflow
            </span>
          </a>
          ,
           
          <a
            className="jsx-7675024 github"
            href="https://github.com/raphaelkross"
            rel="me nofollow"
            target="_blank"
          >
            <span
              className="jsx-7675024"
            >
              Github
            </span>
          </a>
          ,
           
          <a
            className="jsx-7675024 wordpress"
            href="https://profiles.wordpress.org/rafaelangeline"
            rel="me nofollow"
            target="_blank"
          >
            <span
              className="jsx-7675024"
            >
              WordPress
            </span>
          </a>
        </p>
      </div>
      <p
        className="jsx-7675024 copy"
      >
        © Copyright Rafael Angeline. Built by Rafael Angeline with React, Next.js and WordPress &lt;3
      </p>
    </div>
  </footer>,
]
`;
